============================================================
CARLA障碍物识别与控制系统 - 测试报告
============================================================

测试开始时间: 2026-03-24 18:32:26.021742
测试结束时间: 2026-03-24 18:33:26.374605
测试持续时间: 44.2 秒 (估计)
总处理帧数: 442
总检测目标数: 0
紧急刹车次数: 0

基本统计信息:
----------------------------------------
平均速度: 11.4 km/h
最大速度: 18.7 km/h
最小速度: 0.0 km/h
平均检测时间: 132.9 ms
最大检测时间: 1874.8 ms

风险等级分布:
  风险等级 0: 442 帧 (100.0%)

控制指令统计:
  平均油门: 0.300
  平均刹车: 0.000
  完全刹车帧数: 0
  部分刹车帧数: 0
  全油门帧数: 0

============================================================
报告生成完成
============================================================
